v25.3.0
11.9.0
